---
source: tests/e2e/macros/procedural/custom/v2/mod.rs
description: "// → test_package/Scarb.toml\n[package]\nname = \"test_package\"\nversion = \"0.1.0\"\nedition = \"2024_07\"\n\n[dependencies]\ncairols_test_macros_v2 = { path = \"/Users/timelock/swm/starkware/cairols/tests/scarb_procedural_macros_v2\" }\n\n// → test_package/src/lib.cairo\n#[improper_attribute_macro_v2]\nfn foo() {}"
expression: report
---
[[expansions]]
analyzed_lines = """
#[improper_attribute_macro_v2]<caret>
fn f<caret>oo() {}
fn foo() {<caret>}
"""
generated_code = """
// lib.cairo
// ---------

#[improper_attribute_macro_v2]
fn foo() {}

// proc_macro_improper_attribute_macro_v2
// --------------------------------------

fn foo() {}
fn added_fun_v2() {
    {
        a = b;
    }
}
"""

mapped_diagnostics:
- url: '[ROOT_URL]test_package/src/lib.cairo'
  diagnostics:
  - related_code: '#[improper_attribute_macro_v2]'
    diagnostic:
      range:
        start:
          line: 0
          character: 0
        end:
          line: 0
          character: 30
      severity: 1
      code: E0006
      message: Identifier not found.
      relatedInformation:
      - location:
          uri: vfs://proc_macro_improper_attribute_macro_v2.cairo
          range:
            start:
              line: 0
              character: 31
            end:
              line: 0
              character: 32
        message: Diagnostic mapped from here.
  - related_code: '#[improper_attribute_macro_v2]'
    diagnostic:
      range:
        start:
          line: 0
          character: 0
        end:
          line: 0
          character: 30
      severity: 1
      code: E0006
      message: Identifier not found.
      relatedInformation:
      - location:
          uri: vfs://proc_macro_improper_attribute_macro_v2.cairo
          range:
            start:
              line: 0
              character: 33
            end:
              line: 0
              character: 34
        message: Diagnostic mapped from here.
  - related_code: '#[improper_attribute_macro_v2]'
    diagnostic:
      range:
        start:
          line: 0
          character: 0
        end:
          line: 0
          character: 30
      severity: 1
      message: Invalid left-hand side of assignment.
      relatedInformation:
      - location:
          uri: vfs://proc_macro_improper_attribute_macro_v2.cairo
          range:
            start:
              line: 0
              character: 31
            end:
              line: 0
              character: 32
        message: Diagnostic mapped from here.
