---
source: tests/e2e/scarb/scarb_toml_change/removing_member.rs
description: "// → Scarb.toml\n[workspace]\nmembers = [\n    \"a\",\n    \"b\"\n]\n\n// → a/Scarb.toml\n[package]\nname = \"a\"\nversion = \"0.1.0\"\nedition = \"2024_07\"\n\n[dependencies]\nb = { path = \"../b\" }\n\n// → a/src/lib.cairo\n\n\n// → b/Scarb.toml\n[package]\nname = \"b\"\nversion = \"0.1.0\"\nedition = \"2024_07\"\n\n// → b/src/lib.cairo\n"
expression: "AnalyzedCratesResult { analyzed_crates, analyzed_crates_diff }"
---
analyzed_crates = '''
# Analyzed Crates
---
```json
{
  "name": "a",
  "source_paths": [
    "[ROOT]/a/src/lib.cairo"
  ],
  "settings": {
    "name": "a",
    "edition": "2024_07",
    "version": "0.1.0",
    "cfg_set": [
      [
        "target",
        "lib"
      ],
      [
        "target",
        "test"
      ],
      "test"
    ],
    "dependencies": {
      "a": {
        "discriminator": "a 0.1.0 (path+[ROOT_URL]a/Scarb.toml)"
      },
      "b": {
        "discriminator": "b 0.1.0 (path+[ROOT_URL]b/Scarb.toml)"
      },
      "core": {
        "discriminator": null
      }
    },
    "experimental_features": {
      "negative_impls": false,
      "associated_item_constraints": false,
      "coupons": false
    }
  },
  "linter_configuration": "Off",
  "plugins": {}
}

{
  "name": "b",
  "source_paths": [
    "[ROOT]/b/src/lib.cairo"
  ],
  "settings": {
    "name": "b",
    "edition": "2024_07",
    "version": "0.1.0",
    "cfg_set": [
      [
        "target",
        "lib"
      ],
      [
        "target",
        "test"
      ],
      "test"
    ],
    "dependencies": {
      "b": {
        "discriminator": "b 0.1.0 (path+[ROOT_URL]b/Scarb.toml)"
      },
      "core": {
        "discriminator": null
      }
    },
    "experimental_features": {
      "negative_impls": false,
      "associated_item_constraints": false,
      "coupons": false
    }
  },
  "linter_configuration": "Off",
  "plugins": {}
}

{
  "name": "core",
  "source_paths": [
    "[SCARB_REGISTRY_STD]/core/src/lib.cairo"
  ],
  "settings": {
    "name": "core",
    "edition": "2024_07",
    "version": "2.11.4",
    "cfg_set": [
      [
        "target",
        "lib"
      ],
      [
        "target",
        "test"
      ]
    ],
    "dependencies": {
      "core": {
        "discriminator": null
      }
    },
    "experimental_features": {
      "negative_impls": true,
      "associated_item_constraints": true,
      "coupons": true
    }
  },
  "linter_configuration": "Off",
  "plugins": {
    "builtin_plugins": [
      "Executable",
      "CairoTest"
    ]
  }
}
```'''
analyzed_crates_diff = '''
@@ -47,32 +47,31 @@
   "source_paths": [
     "[ROOT]/b/src/lib.cairo"
   ],
   "settings": {
     "name": "b",
     "edition": "2024_07",
     "version": "0.1.0",
     "cfg_set": [
       [
         "target",
         "lib"
       ],
       [
         "target",
         "test"
-      ],
-      "test"
+      ]
     ],
     "dependencies": {
       "b": {
         "discriminator": "b 0.1.0 (path+[ROOT_URL]b/Scarb.toml)"
       },
       "core": {
         "discriminator": null
       }
     },
     "experimental_features": {
       "negative_impls": false,
       "associated_item_constraints": false,
       "coupons": false
     }
   },
'''
