---
source: tests/e2e/macros/procedural/custom/mod.rs
expression: report
---
[[expansions]]
analyzed_lines = """
#[derive<caret>(ErrorDeriveMacro)]
#[derive(Error<caret>DeriveMacro)]
struct Empty<caret>Struct {}
struct EmptyStruct {<caret>}
"""
generated_code = """
// lib.cairo
// ---------

#[derive(ErrorDeriveMacro)]
struct EmptyStruct {}
"""

mapped_diagnostics:
- url: '[ROOT_URL]test_package/src/lib.cairo'
  diagnostics:
  - related_code: ErrorDeriveMacro
    diagnostic:
      range:
        start:
          line: 0
          character: 9
        end:
          line: 0
          character: 25
      severity: 1
      message: 'Plugin diagnostic: Error from procedural macro'
