---
source: tests/e2e/macros/procedural/custom/mod.rs
expression: report
---
[[expansions]]
analyzed_lines = """
#[derive<caret>(SimpleDeriveMacro)]
#[derive(Simple<caret>DeriveMacro)]
struct Empty<caret>Struct {}
struct EmptyStruct {<caret>}
"""
generated_code = """
// lib.cairo
// ---------

#[derive(SimpleDeriveMacro)]
struct EmptyStruct {}

// proc_macro_derive
// -----------------

trait MyTrait<T> {
    fn foo(t: T);
}

impl MyTraitImpl of MyTrait<felt252> {
    fn foo(t: felt252) {}
}
"""
