---
source: tests/e2e/macros/procedural/custom/v1/mod.rs
description: "// → test_package/Scarb.toml\n[package]\nname = \"test_package\"\nversion = \"0.1.0\"\nedition = \"2024_07\"\n\n[dependencies]\ncairols_test_macros = { path = \"/scarb_procedural_macros\" }\n\n// → test_package/src/lib.cairo\n#[derive(ComplexDeriveMacro)]\nstruct EmptyStruct {}"
expression: report
---
[[expansions]]
analyzed_lines = """
#[derive<caret>(ComplexDeriveMacro)]
#[derive(Complex<caret>DeriveMacro)]
struct Empty<caret>Struct {}
struct EmptyStruct {<caret>}
"""
generated_code = """
// lib.cairo
// ---------

#[derive(ComplexDeriveMacro)]
struct EmptyStruct {}

// proc_macro_derive
// -----------------

#[simple_attribute_macro]
fn generated_function() {}

trait MyTrait<T> {
    fn foo(t: T);
}

impl MyTraitImpl of MyTrait<felt252> {
    fn foo(t: felt252) {}
}

// proc_macro_simple_attribute_macro
// ---------------------------------

fn generated_function() {}
"""
