---
source: tests/e2e/macros/procedural/custom/v1_and_v2/mod.rs
description: "// → test_package/Scarb.toml\n[package]\nname = \"test_package\"\nversion = \"0.1.0\"\nedition = \"2024_07\"\n\n[dependencies]\ncairols_test_macros = { path = \"/scarb_procedural_macros\" }\ncairols_test_macros_v2 = { path = \"/scarb_procedural_macros_v2\" }\n\n// → test_package/src/lib.cairo\n#[complex_attribute_macro]\nfn foo() {}\n\n#[complex_attribute_macro_v2]\nfn bar() {}"
expression: report
---
[[expansions]]
analyzed_lines = """
#[complex_attribute_macro]<caret>
fn <caret>foo() {}
fn foo() {<caret>}
"""
generated_code = """
// lib.cairo
// ---------

#[complex_attribute_macro]
fn foo() {}

// proc_macro_complex_attribute_macro
// ----------------------------------

#[simple_attribute_macro]
fn generated_function_with_other_attribute() {}

// proc_macro_simple_attribute_macro
// ---------------------------------

fn generated_function() {}
"""

[[expansions]]
analyzed_lines = """
#[complex_attribute_macro_v2]<caret>
fn <caret>bar() {}
fn bar() {<caret>}
"""
generated_code = """
// lib.cairo
// ---------

#[complex_attribute_macro_v2]
fn bar() {}

// proc_macro_complex_attribute_macro_v2
// -------------------------------------

fn bar() {}
#[simple_attribute_macro_v2]
fn generated_function_with_other_attribute_v2() {}

// proc_macro_simple_attribute_macro_v2
// ------------------------------------

fn generated_function_with_other_attribute_v2() {}
fn generated_function_v2() {}
"""
