---
source: tests/e2e/macros/procedural/custom/v1_and_v2/mod.rs
description: "// → test_package/Scarb.toml\n[package]\nname = \"test_package\"\nversion = \"0.1.0\"\nedition = \"2024_07\"\n\n[dependencies]\ncairols_test_macros = { path = \"/scarb_procedural_macros\" }\ncairols_test_macros_v2 = { path = \"/scarb_procedural_macros_v2\" }\n\n// → test_package/src/lib.cairo\n#[improper_attribute_macro]\nfn foo() {}\n\n#[improper_attribute_macro_v2]\nfn bar() {}"
expression: report
---
[[expansions]]
analyzed_lines = """
#[improper_attribute_macro]<caret>
fn f<caret>oo() {}
fn foo() {<caret>}
"""
generated_code = """
// lib.cairo
// ---------

#[improper_attribute_macro]
fn foo() {}

// proc_macro_improper_attribute_macro
// -----------------------------------

fn foo() {}
fn added_fun() {
    a = b;
}
"""

[[expansions]]
analyzed_lines = """
#[improper_attribute_macro_v2]<caret>
fn b<caret>ar() {}
fn bar() {<caret>}
"""
generated_code = """
// lib.cairo
// ---------

#[improper_attribute_macro_v2]
fn bar() {}

// proc_macro_improper_attribute_macro_v2
// --------------------------------------

fn bar() {}
fn added_fun_v2() {
    {
        a = b;
    }
}
"""

mapped_diagnostics:
- url: '[ROOT_URL]test_package/src/lib.cairo'
  diagnostics:
  - related_code: |-
      #[improper_attribute_macro]
      fn foo() {}
    diagnostic:
      range:
        start:
          line: 0
          character: 0
        end:
          line: 1
          character: 11
      severity: 1
      code: E0006
      message: Identifier not found.
      relatedInformation:
      - location:
          uri: vfs://proc_macro_improper_attribute_macro.cairo
          range:
            start:
              line: 1
              character: 18
            end:
              line: 1
              character: 19
        message: Diagnostic mapped from here.
  - related_code: |-
      #[improper_attribute_macro]
      fn foo() {}
    diagnostic:
      range:
        start:
          line: 0
          character: 0
        end:
          line: 1
          character: 11
      severity: 1
      code: E0006
      message: Identifier not found.
      relatedInformation:
      - location:
          uri: vfs://proc_macro_improper_attribute_macro.cairo
          range:
            start:
              line: 1
              character: 22
            end:
              line: 1
              character: 23
        message: Diagnostic mapped from here.
  - related_code: |-
      #[improper_attribute_macro]
      fn foo() {}
    diagnostic:
      range:
        start:
          line: 0
          character: 0
        end:
          line: 1
          character: 11
      severity: 1
      message: Invalid left-hand side of assignment.
      relatedInformation:
      - location:
          uri: vfs://proc_macro_improper_attribute_macro.cairo
          range:
            start:
              line: 1
              character: 18
            end:
              line: 1
              character: 19
        message: Diagnostic mapped from here.
  - related_code: '#[improper_attribute_macro_v2]'
    diagnostic:
      range:
        start:
          line: 3
          character: 0
        end:
          line: 3
          character: 30
      severity: 1
      code: E0006
      message: Identifier not found.
      relatedInformation:
      - location:
          uri: vfs://proc_macro_improper_attribute_macro_v2.cairo
          range:
            start:
              line: 0
              character: 31
            end:
              line: 0
              character: 32
        message: Diagnostic mapped from here.
  - related_code: '#[improper_attribute_macro_v2]'
    diagnostic:
      range:
        start:
          line: 3
          character: 0
        end:
          line: 3
          character: 30
      severity: 1
      code: E0006
      message: Identifier not found.
      relatedInformation:
      - location:
          uri: vfs://proc_macro_improper_attribute_macro_v2.cairo
          range:
            start:
              line: 0
              character: 33
            end:
              line: 0
              character: 34
        message: Diagnostic mapped from here.
  - related_code: '#[improper_attribute_macro_v2]'
    diagnostic:
      range:
        start:
          line: 3
          character: 0
        end:
          line: 3
          character: 30
      severity: 1
      message: Invalid left-hand side of assignment.
      relatedInformation:
      - location:
          uri: vfs://proc_macro_improper_attribute_macro_v2.cairo
          range:
            start:
              line: 0
              character: 31
            end:
              line: 0
              character: 32
        message: Diagnostic mapped from here.
